src/App.tsx(2,36): error TS6133: 'parseISO' is declared but its value is never read.
src/App.tsx(5,34): error TS6133: 'Search' is declared but its value is never read.
src/App.tsx(789,11): error TS6133: 'newDayPartials' is declared but its value is never read.
src/App.tsx(821,28): error TS6133: 'e' is declared but its value is never read.
src/components/AnalyticalDashboard.tsx(7,17): error TS6133: 'Users' is declared but its value is never read.
src/components/AnalyticalDashboard.tsx(8,19): error TS6133: 'ArrowDownRight' is declared but its value is never read.
src/ErrorBoundary.tsx(1,8): error TS6133: 'React' is declared but its value is never read.
